// Jest Snapshot v1, https://goo.gl/fbAQLP

exports[`VideoPlayer should render correctly 1`] = `
<video
  height={175}
  muted={true}
  poster="img/fantastic-beasts-the-crimes-of-grindelwald.jpg"
  src="https://cdn.videvo.net/videvo_files/video/free/2019-09/small_watermarked/190828_07_MarinaBayatNightDrone_UHD_02_preview.webm"
  width={280}
/>
`;
