// Jest Snapshot v1, https://goo.gl/fbAQLP

exports[`GenresFilter should render correctly 1`] = `
<ul
  className="catalog__genres-list"
>
  <li
    className="catalog__genres-item catalog__genres-item--active"
    onClick={[Function]}
  >
    <a
      className="catalog__genres-link"
      href="#"
    >
      All genres
    </a>
  </li>
  <li
    className="catalog__genres-item "
    onClick={[Function]}
  >
    <a
      className="catalog__genres-link"
      href="#"
    >
      comedy
    </a>
  </li>
  <li
    className="catalog__genres-item "
    onClick={[Function]}
  >
    <a
      className="catalog__genres-link"
      href="#"
    >
      drama
    </a>
  </li>
  <li
    className="catalog__genres-item "
    onClick={[Function]}
  >
    <a
      className="catalog__genres-link"
      href="#"
    >
      melodrama
    </a>
  </li>
  <li
    className="catalog__genres-item "
    onClick={[Function]}
  >
    <a
      className="catalog__genres-link"
      href="#"
    >
      horror
    </a>
  </li>
  <li
    className="catalog__genres-item "
    onClick={[Function]}
  >
    <a
      className="catalog__genres-link"
      href="#"
    >
      crime
    </a>
  </li>
  <li
    className="catalog__genres-item "
    onClick={[Function]}
  >
    <a
      className="catalog__genres-link"
      href="#"
    >
      documentary
    </a>
  </li>
  <li
    className="catalog__genres-item "
    onClick={[Function]}
  >
    <a
      className="catalog__genres-link"
      href="#"
    >
      romance
    </a>
  </li>
  <li
    className="catalog__genres-item "
    onClick={[Function]}
  >
    <a
      className="catalog__genres-link"
      href="#"
    >
      thriller
    </a>
  </li>
</ul>
`;
